// Jest Snapshot v1, https://goo.gl/fbAQLP

exports[`should render ExpenseList Item with fixture Data 1`] = `
<div>
  <NavLink
    activeClassName="active"
    ariaCurrent="true"
    to="/edit/1"
  >
    <h3>
      Gum
    </h3>
  </NavLink>
  <p>
    $1.95
    -
    December 31st, 1969
  </p>
</div>
`;
